// Jest Snapshot v1, https://goo.gl/fbAQLP

exports[`Icon render 1`] = `
<svg
  aria-hidden="true"
  className="MuiSvgIcon-root-1 sc-bdVaJa iehYsS"
  color={undefined}
  focusable="false"
  viewBox="0 0 24 24"
>
  <path
    d="M10 20v-6h4v6h5v-8h3L12 3 2 12h3v8z"
  />
</svg>
`;
