// Jest Snapshot v1, https://goo.gl/fbAQLP

exports[`Item render 1`] = `
<span
  onClick={[Function]}
>
  <span
    className="MuiBadge-root-1 sc-bdVaJa fRAYjp"
  >
    <svg
      aria-hidden="true"
      className="MuiSvgIcon-root-6 sc-bwzfXH jlGedI"
      color={undefined}
      focusable="false"
      viewBox="0 0 24 24"
    >
      <path
        d="M10 20v-6h4v6h5v-8h3L12 3 2 12h3v8z"
      />
    </svg>
    <span
      className="MuiBadge-badge-2 MuiBadge-colorPrimary-3"
    >
      5
    </span>
  </span>
</span>
`;
