// Jest Snapshot v1, https://goo.gl/fbAQLP

exports[`Button render 1`] = `
<button
  className="MuiButtonBase-root-16 MuiButton-root-1 MuiButton-raised-8 MuiButton-fab-14 MuiButton-raisedPrimary-10 sc-bdVaJa dBljYH"
  disabled={false}
  onBlur={[Function]}
  onClick={[Function]}
  onFocus={[Function]}
  onKeyDown={[Function]}
  onKeyUp={[Function]}
  onMouseDown={[Function]}
  onMouseLeave={[Function]}
  onMouseUp={[Function]}
  onTouchEnd={[Function]}
  onTouchMove={[Function]}
  onTouchStart={[Function]}
  role="button"
  tabIndex={0}
  type="button"
>
  <span
    className="MuiButton-label-3"
  >
    <svg
      aria-hidden="true"
      className="MuiSvgIcon-root-18"
      focusable="false"
      viewBox="0 0 24 24"
    >
      <path
        d="M19 13h-6v6h-2v-6H5v-2h6V5h2v6h6v2z"
      />
    </svg>
  </span>
  <span
    className="MuiTouchRipple-root-25"
  />
</button>
`;
