// Jest Snapshot v1, https://goo.gl/fbAQLP

exports[`FullCircularLoader render 1`] = `
<div
  className="MuiCircularProgress-root-1 MuiCircularProgress-primaryColor-2 sc-bdVaJa hZTuOA"
  role="progressbar"
  style={
    Object {
      "height": 40,
      "width": 40,
    }
  }
>
  <svg
    className="MuiCircularProgress-svgIndeterminate-4"
    viewBox="0 0 50 50"
  >
    <circle
      className="MuiCircularProgress-circle-6 MuiCircularProgress-circleIndeterminate-7"
      cx={25}
      cy={25}
      fill="none"
      r={20}
      strokeWidth={7}
      style={Object {}}
    />
  </svg>
</div>
`;
